FABM2AA1.LBL
FABM2AB2.LBL
FABM2AC1.LBL
FABM2AD2.LBL
FABM2AE2.LBL
FABM2AF1.LBL
FABM2AG1.LBL
FABM2AH1.LBL
FABM2AI1.LBL
FABM2AJ1.LBL
FABM2AK2.LBL
FABM2AL1.LBL
FABM2AM1.LBL
FABM2AN2.LBL
FABM2AO2.LBL
FABM2AP2.LBL
FABM2AQ2.LBL
FABM2AR2.LBL
FABM2AS2.LBL
FABM2AT1.LBL
FABM2AU2.LBL
FABM2AV1.LBL
FABM2AW1.LBL
FABM2AX2.LBL
FABM2AY2.LBL
FABM2AZ2.LBL
FABM2BA2.LBL
FABM2BB2.LBL
FABM2BC1.LBL
FABM2BD1.LBL
FABM2BF2.LBL
FABM2BG2.LBL
FABM2BH1.LBL
FABM2BJ2.LBL
FABM2BK2.LBL
FABM2BL2.LBL
FABM2BM1.LBL
FABM2BN2.LBL
FABM2BO2.LBL
FABM2BP2.LBL
FABM2BQ2.LBL
FABM2BR1.LBL
FABM2BS2.LBL
FABM2BT2.LBL
FABM2BU1.LBL
FABM2BV1.LBL
FABM2BW2.LBL
FABM2BX1.LBL
FABM2BY1.LBL
FABM2BZ1.LBL
FABM2CA2.LBL
FABM2CB2.LBL
FABM2CC1.LBL
FABM2CD2.LBL
FABM2CE2.LBL
FABM2CF2.LBL
FABM2CG2.LBL
FABM2CH2.LBL
FABM2CI1.LBL
FABM2CJ2.LBL
FABM2CK1.LBL
FABM2CL1.LBL
FABM2CM2.LBL
FABM2CN1.LBL
FABM2CO1.LBL
FABM2CP2.LBL
FABM2CQ2.LBL
FABM2CR1.LBL
FABM2CS2.LBL
FABM2CT2.LBL
FABM2CU1.LBL
FABM2CV2.LBL
FABM2CW2.LBL
FABM2CX2.LBL
FABM2CY2.LBL
FABM2CZ1.LBL
FABM2DA1.LBL
FABM2DB1.LBL
FABM2DC2.LBL
FABM2DD2.LBL
FABM2DE1.LBL
FABM2DF2.LBL
FABM2DG2.LBL
FABM2DH2.LBL
FABM2DI1.LBL
FABM2DJ2.LBL
FABM2DK2.LBL
FABM2DL2.LBL
FABM2DM2.LBL
FABM2DN2.LBL
FABM2DO1.LBL
FABM2DP1.LBL
FABM2DQ2.LBL
FABM2DR2.LBL
FABM2DS2.LBL
FABM2DT1.LBL
FABM2DU2.LBL
FABM2DV2.LBL
FACS2AA2.LBL
FACS2AB2.LBL
FACS2AC1.LBL
FACS2AD2.LBL
FACS2AE1.LBL
FACS2AF2.LBL
FACS2AG1.LBL
FACS2AH2.LBL
FACS2AI2.LBL
FACS2AJ1.LBL
FACS2AK1.LBL
FACS2AL2.LBL
FACS2AM2.LBL
FACS2AN2.LBL
FACS2AO2.LBL
FACS2AP2.LBL
FACS2AQ2.LBL
FACS2AR2.LBL
FACS2AS1.LBL
FACS2AT1.LBL
FACS2AU1.LBL
FACS2AV2.LBL
FACS2AW1.LBL
FACS2AX2.LBL
FACS2AY1.LBL
FACS2AZ2.LBL
FACS2BA2.LBL
FACS2BB2.LBL
FACS2BC1.LBL
FACS2BD1.LBL
FACS2BE2.LBL
FACS2BF2.LBL
FACS2BG1.LBL
FACS2BH1.LBL
FACS2BI2.LBL
FACS2BJ2.LBL
FACS2BK2.LBL
FACS2BL1.LBL
FACS2BM2.LBL
FACS2BN1.LBL
FACS2BO2.LBL
FACS2BP2.LBL
FACS2BQ2.LBL
FACS2BR1.LBL
FACS2BS2.LBL
FACS2BT1.LBL
FACS2BU1.LBL
FACS2BV1.LBL
FACS2BW1.LBL
FACS2BX1.LBL
FACS2BY2.LBL
FACS2BZ1.LBL
FACS2CA2.LBL
FACS2CB1.LBL
FACS2CC2.LBL
FACS2CD2.LBL
FACS2CE1.LBL
FACS2CF2.LBL
FACS2CG1.LBL
FACS2CH2.LBL
FACS2CI2.LBL
FACS2CJ1.LBL
FACS2CK1.LBL
FACS2CL1.LBL
FACS2CM2.LBL
FACS2CN1.LBL
FACS2CO2.LBL
FACS2CP2.LBL
FACS2CQ2.LBL
FACS2CR2.LBL
FACS2CS1.LBL
FACS2CT2.LBL
FACS2CU2.LBL
FACS2CV1.LBL
FACS2CW2.LBL
FACS2CX2.LBL
FACS2CY2.LBL
FACS2CZ2.LBL
FACS2DA2.LBL
FACS2DB2.LBL
FACS2DC2.LBL
FACS2DD1.LBL
FACS2DE1.LBL
FACS2DF2.LBL
FACS2DG2.LBL
FACS2DH2.LBL
FACS2DI2.LBL
FACS2DJ2.LBL
FACS2DK1.LBL
FACS2DL2.LBL
FADF1AA2.LBL
FADF1AB2.LBL
FADF1AC2.LBL
FADF1AD2.LBL
FADF1AE2.LBL
FADF1AF2.LBL
FADF1AG2.LBL
FADF1AH2.LBL
FADF1AI2.LBL
FADF1AJ2.LBL
FADF1AK2.LBL
FADF1AL2.LBL
FADF1AM2.LBL
FADF1AN2.LBL
FADF1AO2.LBL
FADF1AP2.LBL
FADF1AQ2.LBL
FADF1AR2.LBL
FADF1AS2.LBL
FADF1AT2.LBL
FADF1AU2.LBL
FADF1AV2.LBL
FADF1AW2.LBL
FADF1AX2.LBL
FADF1AY2.LBL
FADF1AZ2.LBL
FADF1BA2.LBL
FADF1BB2.LBL
FADF1BC2.LBL
FADF1BD2.LBL
FADF1BE2.LBL
FADF1BF2.LBL
FADF1BG2.LBL
FADF1BH2.LBL
FADF1BI2.LBL
FADF1BJ2.LBL
FADF1BK2.LBL
FADF1BL2.LBL
FADF1BM2.LBL
FADF1BN2.LBL
FADF1BO2.LBL
FADF1BP2.LBL
FADF1BQ2.LBL
FADF1BR2.LBL
FADF1BS2.LBL
FADF1BT2.LBL
FADF1BU2.LBL
FADF1BV2.LBL
FADF1BW2.LBL
FADF1BX2.LBL
FADF1BY2.LBL
FADF1BZ2.LBL
FADF1CA2.LBL
FADF1CB2.LBL
FADF1CC2.LBL
FADF1CD2.LBL
FADF1CE2.LBL
FADF1CF2.LBL
FADF1CG2.LBL
FADF1CH2.LBL
FADF1CI2.LBL
FADF1CJ2.LBL
FADF1CK2.LBL
FADF1CL2.LBL
FADF1CM2.LBL
FADF1CN2.LBL
FADF1CO2.LBL
FADF1CP2.LBL
FADF1CQ2.LBL
FADF1CR2.LBL
FADF1CS2.LBL
FADF1CT2.LBL
FADF1CU2.LBL
FADH1AA2.LBL
FAHE2AA2.LBL
FAHE2AB2.LBL
FAHE2AC2.LBL
FAHE2AG1.LBL
FAHE2AI2.LBL
FAHE2AK2.LBL
FAHE2AL2.LBL
FAHE2AM2.LBL
FAHE2AQ2.LBL
FAHE2AS2.LBL
FAHE2AV2.LBL
FAHE2BB2.LBL
FAHE2BC2.LBL
FAHE2BF2.LBL
FAHE2BI2.LBL
FAHE2BK2.LBL
FAHE2BM2.LBL
FAHE2BP2.LBL
FAHE2BQ2.LBL
FAHE2BR2.LBL
FAHE2BU2.LBL
FAHE2BV2.LBL
FAHE2CA2.LBL
FAHE2CB2.LBL
FAHE2CG2.LBL
FAHE2CI2.LBL
FAHE2CJ2.LBL
FAHE2CL2.LBL
FAHE2CM2.LBL
FAHE2CQ2.LBL
FAHE2CR2.LBL
FAHE2CW2.LBL
FAHE2CY2.LBL
FAHE2CZ2.LBL
FAHE2DA2.LBL
FAHE2DC2.LBL
FAHE2DD2.LBL
FAHE2DE2.LBL
FAHE2DF2.LBL
FAHE2DG2.LBL
FAHE2DH2.LBL
FAHE2DJ2.LBL
FAHE2DK2.LBL
FAHE2DL2.LBL
FAHE2DN2.LBL
FAHE2DR2.LBL
FAHE2DS2.LBL
FAHE2DT2.LBL
FAHE2DV2.LBL
FAHE2DW2.LBL
FAHE2DX2.LBL
FAHJ1AA2.LBL
FAHJ1AB2.LBL
FAHJ1AC2.LBL
FAHJ1AD2.LBL
FAHJ1AE2.LBL
FAHJ1AF2.LBL
FAHJ1AG2.LBL
FAHJ1AH2.LBL
FAHJ1AI2.LBL
FAHJ1AJ2.LBL
FAHJ1AK2.LBL
FAHJ1AL2.LBL
FAHJ1AM2.LBL
FAHJ1AN2.LBL
FAHJ1AO2.LBL
FAHJ1AP2.LBL
FAHJ1AQ2.LBL
FAHJ1AR2.LBL
FAHJ1AS2.LBL
FAHJ1AT2.LBL
FAHJ1AU2.LBL
FAHJ1AV2.LBL
FAHJ1AW2.LBL
FAHJ1AX2.LBL
FAHJ1AY2.LBL
FAHJ1AZ2.LBL
FAHJ1BA2.LBL
FAHJ1BB2.LBL
FAHJ1BC2.LBL
FAHJ1BD2.LBL
FAHJ1BE2.LBL
FAHJ1BF2.LBL
FAHJ1BG2.LBL
FAHJ1BH2.LBL
FAHJ1BI2.LBL
FAHJ1BJ2.LBL
FAHJ1BK2.LBL
FAHJ1BL2.LBL
FAHJ1BM2.LBL
FAHJ1BN2.LBL
FAHJ1BO2.LBL
FAHJ1BP2.LBL
FAHJ1BQ2.LBL
FAHJ1BR2.LBL
FAHJ1BS2.LBL
FAHJ1BT2.LBL
FAHJ1BU2.LBL
FAHJ1BV2.LBL
FAHJ1BW2.LBL
FAHJ1BX2.LBL
FAHJ1BY1.LBL
FAHJ1BZ2.LBL
FAHJ1CA2.LBL
FAHJ1CB1.LBL
FAHJ1CC2.LBL
FAHJ1CD2.LBL
FAHJ1CE2.LBL
FAHJ1CF2.LBL
FAHJ1CG1.LBL
FAHJ1CH2.LBL
FAHJ1CI2.LBL
FAHJ1CJ2.LBL
FAHJ1CK2.LBL
FAHJ1CL2.LBL
FAHJ1CM2.LBL
FAHJ1CN2.LBL
FAHJ1CO2.LBL
FAHJ1CP2.LBL
FAHJ1CQ2.LBL
FAHJ1CR2.LBL
FAHJ1CS2.LBL
FAHJ1CT2.LBL
FAHJ1CU2.LBL
FAHJ1CV2.LBL
FAHJ1CW1.LBL
FAHJ1CX2.LBL
FAHJ1CY2.LBL
FAHJ1CZ2.LBL
FAHJ1DA2.LBL
FAHJ1DB2.LBL
FAHJ1DC2.LBL
FAHJ1DD2.LBL
FAHJ1DE2.LBL
FAHJ1DF2.LBL
FAHJ1DG2.LBL
FAHJ1DH1.LBL
FAHJ1DI2.LBL
FAHJ1DJ2.LBL
FAHJ1DK2.LBL
FAHJ1DL2.LBL
FAHJ1DM2.LBL
FAHJ1DN2.LBL
FAHJ1DO2.LBL
FAHJ1DP2.LBL
FAHJ1DQ2.LBL
FAHJ1DR1.LBL
FAHJ1DS2.LBL
FAHJ1DT2.LBL
FAHJ1DU2.LBL
FAHJ1DV2.LBL
FAHJ1DW2.LBL
FAHJ1DX2.LBL
FAHJ1DY2.LBL
FAHJ2DZ2.LBL
FAHJ3EB2.LBL
FAHJ3EC2.LBL
FAHJ3ED2.LBL
FAHJ3EE2.LBL
FAHJ3EF2.LBL
FAHJ3EG2.LBL
FAHJ3EH2.LBL
FAHJ3EJ2.LBL
FAHJ3EK2.LBL
FAHJ3EL2.LBL
FAHJ3EM2.LBL
FAHJ3EN2.LBL
FAHJ3EO2.LBL
FAHJ3EP2.LBL
FAHJ3EQ2.LBL
FAHJ3ER2.LBL
FAHJ3ES2.LBL
FAHJ3ET2.LBL
FAHJ3EU2.LBL
FAHJ3EV2.LBL
FAHJ3EW2.LBL
FAHJ3EX2.LBL
FAJB1AA2.LBL
FAJB1AB2.LBL
FAJB1AC2.LBL
FAJB1AD2.LBL
FAJB1AE2.LBL
FAJB1AF2.LBL
FAJB1AG2.LBL
FAJB1AH2.LBL
FAJB1AI2.LBL
FAJB1AJ2.LBL
FAJB1AK2.LBL
FAJB1AL2.LBL
FAJB1AM2.LBL
FAJB1AN2.LBL
FAJB1AO2.LBL
FAJB1AP2.LBL
FAJB1AQ2.LBL
FAJB1AR2.LBL
FAJB1AS2.LBL
FAJB1AT2.LBL
FAJB1AU2.LBL
FAJB1AV2.LBL
FAJB1AW2.LBL
FAJB1AX2.LBL
FAJB1AY1.LBL
FAJB1AZ2.LBL
FAJB1BA2.LBL
FAJB1BB2.LBL
FAJB1BC2.LBL
FAJB1BD2.LBL
FAJB1BE2.LBL
FAJB1BF2.LBL
FAJB1BG2.LBL
FAJB1BH2.LBL
FAJB1BI2.LBL
FAJB1BJ1.LBL
FAJB1BK2.LBL
FAJB1BL2.LBL
FAJB1BM2.LBL
FAJB1BN2.LBL
FAJB1BO2.LBL
FAJB1BP1.LBL
FAJB1BQ2.LBL
FAJB1BR2.LBL
FAJB1BS2.LBL
FAJB1BT2.LBL
FAJB1BU2.LBL
FAJB1BV2.LBL
FAJB1BW2.LBL
FAJB1BX2.LBL
FAJB1BY2.LBL
FAJB1BZ2.LBL
FAJB1CA1.LBL
FAJB1CB2.LBL
FAJB1CC2.LBL
FAJB1CD1.LBL
FAJB1CE2.LBL
FAJB1CF2.LBL
FAJB1CG2.LBL
FAJB1CH2.LBL
FAJB1CI2.LBL
FAJB1CJ2.LBL
FAJB1CK2.LBL
FAJB1CL2.LBL
FAJB1CM2.LBL
FAMB1AA2.LBL
FAMB1AB2.LBL
FAMB1AC2.LBL
FAMB1AD2.LBL
FAMB1AE2.LBL
FAMB1AF2.LBL
FAMB1AG2.LBL
FAMB1AH2.LBL
FAMB1AI2.LBL
FAMB1AJ2.LBL
FAMB1AK2.LBL
FAMB1AL2.LBL
FAMB1AM2.LBL
FAMB1AN2.LBL
FAMB1AO2.LBL
FAMB1AP2.LBL
FAMB1AQ2.LBL
FAMB1AR2.LBL
FAMB1AS2.LBL
FAMB1AT2.LBL
FAMB1AU2.LBL
FAMB1AV2.LBL
FAMB1AW2.LBL
FAMB1AX2.LBL
FAMB1AY2.LBL
FAMB1AZ2.LBL
FAMB1BA2.LBL
FAMB1BB2.LBL
FAMB1BC2.LBL
FAMB1BD2.LBL
FAMB1BE2.LBL
FAMB1BF2.LBL
FAMB1BG2.LBL
FAMB1BH2.LBL
FAMB1BI2.LBL
FAMB1BJ2.LBL
FAMB1BK2.LBL
FAMB1BL2.LBL
FAMB1BM2.LBL
FAMB1BN2.LBL
FAMB1BO2.LBL
FAMM1AA1.LBL
FAMM1AB2.LBL
FAMM1AC2.LBL
FAMM1AD1.LBL
FAMM1AE2.LBL
FAMM1AF1.LBL
FAMM1AG1.LBL
FAMM1AH2.LBL
FAMM1AI1.LBL
FAMM1AJ1.LBL
FAMM1AK2.LBL
FAMM1AL2.LBL
FAMM1AM2.LBL
FAMM1AN2.LBL
FAMM1AO2.LBL
FAMM1AP2.LBL
FAMM1AQ2.LBL
FAMM1AR2.LBL
FAMM1AS2.LBL
FAMM1AT1.LBL
FAMM1AU2.LBL
FAMM1AV2.LBL
FAMM1AW1.LBL
FAMM1AX1.LBL
FAMM1AY2.LBL
FAMM1AZ1.LBL
FAMM1BA1.LBL
FAMM1BB1.LBL
FAMM1BC2.LBL
FAMM1BD1.LBL
FAMM1BE1.LBL
FAMM1BF1.LBL
FAMM1BG1.LBL
FAMM1BH2.LBL
FAMM1BI2.LBL
FAMM1BJ1.LBL
FAMM1BK1.LBL
FAMM1BL1.LBL
FAMM1BM2.LBL
FAMM1BN1.LBL
FAMM1BO1.LBL
FAMM1BP2.LBL
FAMM1BQ2.LBL
FAMM1BR1.LBL
FAMP2AA2.LBL
FAMP2AB2.LBL
FAMP2AC2.LBL
FAMP2AD2.LBL
FAMP2AE2.LBL
FAMP2AF1.LBL
FAMP2AG2.LBL
FAMP2AH2.LBL
FAMP2AI2.LBL
FAMP2AJ2.LBL
FAMP2AK2.LBL
FAMP2AL2.LBL
FAMP2AM2.LBL
FAMP2AN2.LBL
FAMP2AO2.LBL
FAMP2AP2.LBL
FAMP2AQ2.LBL
FAMP2AR2.LBL
FAMP2AS2.LBL
FAMP2AT2.LBL
FAMP2AU2.LBL
FAMP2AV2.LBL
FAMP2AW2.LBL
FAMP2AX2.LBL
FAMP2AY2.LBL
FAMP2AZ2.LBL
FAMP2BA2.LBL
FAMP2BB2.LBL
FAMP2BC2.LBL
FAMP2BD2.LBL
FAMP2BE1.LBL
FAMP2BF2.LBL
FAMP2BG2.LBL
FAMP2BH1.LBL
FAMP2BI2.LBL
FAMP2BJ2.LBL
FAMP2BK2.LBL
FAMP2BM2.LBL
FAMP2BN2.LBL
FAMP2BO2.LBL
FAMP2BP2.LBL
FAMP2BQ2.LBL
FAMP2BR1.LBL
FAMP2BS2.LBL
FAMP2BT2.LBL
FAMP2BU1.LBL
FAMP2BV2.LBL
FAMP2BW2.LBL
FAMP2BX1.LBL
FAMP2BY2.LBL
FAMP2BZ1.LBL
FAMP2CA2.LBL
FAMP2CB2.LBL
FAMP2CC2.LBL
FAMP2CD2.LBL
FAMP2CE2.LBL
FAMP2CF1.LBL
FAMP2CG2.LBL
FAMP2CH2.LBL
FAMP2CI2.LBL
FAMP2CJ1.LBL
FAMP2CK1.LBL
FAMP2CL2.LBL
FAMP2CM2.LBL
FAMP2CN2.LBL
FAMP2CO2.LBL
FAMP2CP2.LBL
FAMP2CQ2.LBL
FAMP2CR2.LBL
FAMP2CS2.LBL
FAMP2CT2.LBL
FAMP2CU2.LBL
FAMP2CV1.LBL
FAMP2CW2.LBL
FAMP2CX2.LBL
FAMP2CY2.LBL
FAMP2CZ1.LBL
FAMP2DA2.LBL
FAMP2DB2.LBL
FAMP2DC2.LBL
FARG1AA2.LBL
FARG1AB2.LBL
FARG1AC1.LBL
FARG1AD1.LBL
FARG1AE2.LBL
FARG1AF2.LBL
FARG1AG2.LBL
FARG1AH2.LBL
FARG1AI1.LBL
FARG1AJ1.LBL
FARG1AL2.LBL
FARG1AM2.LBL
FARG1AN2.LBL
FARG1AO2.LBL
FARG1AP2.LBL
FARG1AQ2.LBL
FARG1AR2.LBL
FARG1AS2.LBL
FARG1AT2.LBL
FARG1AU2.LBL
FARG1AV2.LBL
FARG1AW2.LBL
FARG1AX2.LBL
FARG1AY2.LBL
FARG1AZ2.LBL
FARG1BA2.LBL
FARG1BB2.LBL
FARG1BC2.LBL
FARG1BD2.LBL
FARG1BE2.LBL
FARG1BF2.LBL
FARG1BG2.LBL
FARG1BH2.LBL
FARG1BI2.LBL
FARG1BJ2.LBL
FARG1BK2.LBL
FARG1BL2.LBL
FARG1BM1.LBL
FARG1BN2.LBL
FARG1BO1.LBL
FARG1BP2.LBL
FARG1BQ2.LBL
FARG1BR2.LBL
FARG1BS2.LBL
FARG1BT2.LBL
FARG1BU2.LBL
FARG1BV2.LBL
FARG1BW2.LBL
FARG1BX2.LBL
FARG1BY2.LBL
FARG1BZ2.LBL
FARG1CA2.LBL
FARG1CB2.LBL
FARG1CC2.LBL
FCKS2AA2.LBL
FCKS2AB2.LBL
FCKS2AC2.LBL
FCKS2AD2.LBL
FCKS2AE2.LBL
FCKS2AF2.LBL
FCKS2AG2.LBL
FCKS2AH2.LBL
FCKS2AI1.LBL
FCKS2AJ2.LBL
FCKS2AK2.LBL
FCKS2AL1.LBL
FCKS2AM2.LBL
FCKS2AN2.LBL
FCKS2AO2.LBL
FCKS2AP2.LBL
FCKS2AQ2.LBL
FCKS2AR2.LBL
FCKS2AS2.LBL
FCKS2AT2.LBL
FCKS2AU1.LBL
FCKS2AV2.LBL
FCKS2AW2.LBL
FCKS2AX2.LBL
FCKS2AY2.LBL
FCKS2AZ2.LBL
FCKS2BA2.LBL
FCKS2BB2.LBL
FCKS2BC2.LBL
FCKS2BD2.LBL
FCKS2BE2.LBL
FCKS2BF2.LBL
FCKS2BG2.LBL
FCKS2BH2.LBL
FCKS2BI2.LBL
FCKS2BJ2.LBL
FCKS2BK2.LBL
FCKS2BL2.LBL
FCKS2BM2.LBL
FCKS2BN2.LBL
FCKS2BO2.LBL
FCKS2BP2.LBL
FCKS2BQ2.LBL
FCKS2BR2.LBL
FCKS2BS2.LBL
FCKS2BT2.LBL
FCKS2BU2.LBL
FCKS2BV2.LBL
FCKS2BW2.LBL
FCKS2BX1.LBL
FCKS2BY1.LBL
FCKS2BZ2.LBL
FCKS2CA2.LBL
FCKS2CB2.LBL
FCKS2CC2.LBL
FCKS2CD2.LBL
FCKS2CE2.LBL
FCKS2CF2.LBL
FCKS2CG2.LBL
FCKS2CH2.LBL
FCKS2CI2.LBL
FCKS2CJ2.LBL
FCKS2CK2.LBL
FCKS2CL2.LBL
FCKS2CM2.LBL
FCKS2CN2.LBL
FCKS2CO2.LBL
FCKS2CP2.LBL
FCKS2CQ2.LBL
FCKS2CR2.LBL
FCKS2CS2.LBL
FCKS2CT2.LBL
FCKS2CU2.LBL
FCKS2CV2.LBL
FCKS2CW2.LBL
FCKS2CX2.LBL
FCKS2CY2.LBL
FCKS2CZ2.LBL
FCKS2DA2.LBL
FCKS2DB2.LBL
FCKS2DC2.LBL
FCKS2DD2.LBL
FCKS2DE2.LBL
FCKS2DF2.LBL
FCKS2DG2.LBL
FCKS2DH2.LBL
FCKS2DI2.LBL
FCKS2DJ2.LBL
FCKS2DK2.LBL
FCLJ1AA2.LBL
FCLJ1AB2.LBL
FCLJ1AC2.LBL
FCLJ1AD2.LBL
FCLJ1AE2.LBL
FCLJ1AF2.LBL
FCLJ1AG2.LBL
FCLJ1AH2.LBL
FCLJ1AI2.LBL
FCLJ1AJ2.LBL
FCLJ1AK2.LBL
FCLJ1AL2.LBL
FCLJ1AM2.LBL
FCLJ1AN2.LBL
FCLJ1AO2.LBL
FCLJ1AP2.LBL
FCLJ1AQ2.LBL
FCLJ1AR2.LBL
FCLJ1AS2.LBL
FCLJ1AT2.LBL
FCLJ1AU2.LBL
FCLJ1AV2.LBL
FCLJ1AW2.LBL
FCLJ1AX2.LBL
FCLJ1AY2.LBL
FCLJ1AZ2.LBL
FCLJ1BA2.LBL
FCLJ1BB2.LBL
FCLJ1BC2.LBL
FCLJ1BD2.LBL
FCLM2AA2.LBL
FCLM2AB1.LBL
FCLM2AC1.LBL
FCLM2AD1.LBL
FCLM2AE1.LBL
FCLM2AF1.LBL
FCLM2AG1.LBL
FCLM2AH1.LBL
FCLM2AI1.LBL
FCLM2AJ2.LBL
FCLM2AK1.LBL
FCLM2AL1.LBL
FCLM2AM1.LBL
FCLM2AN2.LBL
FCLM2AO1.LBL
FCLM2AP1.LBL
FCLM2AQ1.LBL
FCLM2AR1.LBL
FCLM2AS1.LBL
FCLM2AT1.LBL
FCLM2AU2.LBL
FCLM2AV1.LBL
FCLM2AW2.LBL
FCLM2AX1.LBL
FCLM2AY1.LBL
FCLM2AZ2.LBL
FCLM2BA2.LBL
FCLM2BB1.LBL
FCLM2BC2.LBL
FCLM2BD2.LBL
FCLM2BE1.LBL
FCLM2BF2.LBL
FCLM2BG2.LBL
FCLM2BH1.LBL
FCLM2BI1.LBL
FCLM2BJ2.LBL
FCLM2BK1.LBL
FCLM2BL2.LBL
FCLM2BM2.LBL
FCLM2BN2.LBL
FCLM2BO1.LBL
FCLM2BP2.LBL
FCLM2BQ1.LBL
FCLM2BR1.LBL
FCLM2BS2.LBL
FCLM2BT1.LBL
FCLM2BU1.LBL
FCLM2BV2.LBL
FCLM2BW1.LBL
FCLM2BX1.LBL
FCLM2BY1.LBL
FCLM2BZ2.LBL
FCLM2CA2.LBL
FCLM2CB2.LBL
FCLM2CC2.LBL
FCLM2CD2.LBL
FCLM2CE1.LBL
FCLM2CF1.LBL
FCLM2CG2.LBL
FCLM2CH2.LBL
FCLM2CI2.LBL
FCLM2CJ2.LBL
FCLM2CK1.LBL
FCLM2CL2.LBL
FCLM2CM2.LBL
FCLM2CN1.LBL
FCLM2CO2.LBL
FCMM1AA2.LBL
FCMM1AB2.LBL
FCMM1AD2.LBL
FCMM1AE2.LBL
FCMM1AF2.LBL
FCMM1AG2.LBL
FCMM1AH2.LBL
FCMM1AI2.LBL
FCMM1AK2.LBL
FCMM1AL2.LBL
FCMM1AM2.LBL
FCMM1AN2.LBL
FCMM1AO2.LBL
FCMM1AP2.LBL
FCMM1AR2.LBL
FCMM1AT2.LBL
FCMM1AU2.LBL
FCMM1AV2.LBL
FCMM1AW2.LBL
FCMM1AX2.LBL
FCMM1AY2.LBL
FCMM1AZ2.LBL
FCMM1BA2.LBL
FCMM1BB2.LBL
FCMM1BC2.LBL
FCMM1BE2.LBL
FCMM1BF2.LBL
FCMM1BG2.LBL
FCMM1BH2.LBL
FCMM1BI2.LBL
FCMM1BJ2.LBL
FCMM1BK2.LBL
FCMM1BM2.LBL
FCMM1BN2.LBL
FCMM1BP2.LBL
FCMM1BQ2.LBL
FCMM1BR2.LBL
FCMM1BS2.LBL
FCMM1BT2.LBL
FCMM1BU2.LBL
FCMM1BV2.LBL
FCMM1BX2.LBL
FCMM1BY2.LBL
FCMM1BZ2.LBL
FCMM1CA2.LBL
FCMM1CB2.LBL
FCMM1CC2.LBL
FCMM1CD2.LBL
FCMM1CE2.LBL
FCMM1CH2.LBL
FCMM1CI2.LBL
FCMM1CJ2.LBL
FCMM1CK2.LBL
FCMM1CL2.LBL
FCMM1CM2.LBL
FCMM1CN2.LBL
FCMM1CO2.LBL
FCMM1CP2.LBL
FCMM1CQ2.LBL
FCMM1CR2.LBL
FCMM1CS2.LBL
FCMM1CT2.LBL
FCMM1CU2.LBL
FCMM1CV2.LBL
FCMM1CW2.LBL
FCMM1CX2.LBL
FCMM1CY2.LBL
FCMM1CZ2.LBL
FCMM1DA2.LBL
FCMM1DB2.LBL
FCMM1DD2.LBL
FCMM1DE2.LBL
FCMM1DF2.LBL
FCMM1DG2.LBL
FCMM1DH2.LBL
FCMM1DI2.LBL
FCMM1DJ2.LBL
FCMM1DK2.LBL
FCMM1DL2.LBL
FCMM1DM2.LBL
FCMM1DO2.LBL
FCMM1DP2.LBL
FCMM1DQ2.LBL
FCMP1AA2.LBL
FCMP1AB2.LBL
FCMP1AC1.LBL
FCMP1AD1.LBL
FCMP1AE2.LBL
FCMP1AF1.LBL
FCMP1AG2.LBL
FCMP1AH1.LBL
FCMP1AI1.LBL
FCMP1AJ1.LBL
FCMP1AK2.LBL
FCMP1AL1.LBL
FCMP1AM2.LBL
FCMP1AN2.LBL
FCMP1AO1.LBL
FCMP1AP1.LBL
FCMP1AQ2.LBL
FCMP1AR2.LBL
FCMP1AS2.LBL
FCMP1AT1.LBL
FCMP1AU2.LBL
FCMP1AV2.LBL
FCMP1AW1.LBL
FCMP1AX2.LBL
FCMP1AY2.LBL
FCMP1AZ1.LBL
FCMP1BA1.LBL
FCMP1BB1.LBL
FCMP1BC1.LBL
FCMP1BD2.LBL
FCMP1BE1.LBL
FCMP1BF2.LBL
FCMP1BG2.LBL
FCMP1BH1.LBL
FCMP1BI1.LBL
FCMP1BJ2.LBL
FCMP1BK1.LBL
FCMP1BL2.LBL
FCMP1BM2.LBL
FCMP1BN1.LBL
FCMP1BO2.LBL
FCMP1BP1.LBL
FCMP1BQ2.LBL
FCMP1BR1.LBL
FCMP1BS2.LBL
FCMP1BT1.LBL
FCMP1BU2.LBL
FCMP1BV1.LBL
FCMP1BW1.LBL
FCMP1BX2.LBL
FCMP1BY1.LBL
FCMP1BZ2.LBL
FCMP1CA2.LBL
FCMP1CB2.LBL
FCMP1CC1.LBL
FCMP1CD2.LBL
FCMP1CE2.LBL
FCMP1CF1.LBL
FCMP1CG2.LBL
FCMP1CH1.LBL
FCMP1CI2.LBL
FCMP1CJ1.LBL
FCMP1CK2.LBL
FCMP1CL2.LBL
FCMP1CM2.LBL
FCMP1CN2.LBL
FCMP1CO1.LBL
FCMP1CP2.LBL
FCMP1CQ1.LBL
FCMP1CR2.LBL
FCMP1CS2.LBL
FCMP1CT1.LBL
FCMP1CU2.LBL
FCMP1CV2.LBL
FCMP1CW1.LBL
FCMP1CX2.LBL
FCMP1CY1.LBL
FCMP1CZ2.LBL
FCMP1DA1.LBL
FCMP1DB1.LBL
FCMP1DC1.LBL
FCMP1DD2.LBL
FCMP1DE1.LBL
FCMP1DF2.LBL
FCMP1DG2.LBL
FCMP1DH2.LBL
FCMP1DI1.LBL
FCMP1DJ2.LBL
FCMP1DK2.LBL
FCMP1DL2.LBL
FCMP1DM1.LBL
FCMP1DN1.LBL
FDJF1AA2.LBL
FDJF1AB2.LBL
FDJF1AC2.LBL
FDJF1AD2.LBL
FDJF1AE2.LBL
FDJF1AF2.LBL
FDJF1AG2.LBL
FDJF1AH2.LBL
FDJF1AI2.LBL
FDJF1AJ2.LBL
FDJF1AK2.LBL
FDJF1AL2.LBL
FDJF1AM2.LBL
FDJF1AN2.LBL
FDJF1AO2.LBL
FDJF1AP2.LBL
FDJF1AQ2.LBL
FDJF1AR2.LBL
FDJF1AS2.LBL
FDJF1AT2.LBL
FDJF1AU2.LBL
FDJF1AV2.LBL
FDJF1AW1.LBL
FDJF1AX2.LBL
FDJF1AY2.LBL
FDJF1AZ2.LBL
FDJF1BA2.LBL
FDJF1BB2.LBL
FDJF1BC2.LBL
FDJF1BD2.LBL
FDJF1BE2.LBL
FDJF1BF2.LBL
FDJF1BG2.LBL
FDJF1BH2.LBL
FDJF1BI2.LBL
FDJF1BJ2.LBL
FDJF1BK2.LBL
FDJF1BL2.LBL
FDJF1BM2.LBL
FDJF1BN2.LBL
FDJF1BO2.LBL
FDJF1BP1.LBL
FDJF1BQ2.LBL
FDJF1BR2.LBL
FDJF1BS2.LBL
FDJF1BT2.LBL
FDJF1BU2.LBL
FDJF1BV2.LBL
FDJF1BW2.LBL
FDJF1BX1.LBL
FDJF1BY2.LBL
FDJF1BZ2.LBL
FDJF1CA1.LBL
FDJF1CB2.LBL
FDJF1CC2.LBL
FDJF1CD2.LBL
FDJF1CE2.LBL
FDJF1CF2.LBL
FDJF1CG2.LBL
FDJF1CH2.LBL
FDJF1CI2.LBL
FDJF1CJ2.LBL
FDJF1CK2.LBL
FDJF1CL2.LBL
FDJF1CM2.LBL
FDJF1CN2.LBL
FDJF1CO2.LBL
FDJF1CP2.LBL
FDJF1CQ2.LBL
FDJF1CR2.LBL
FDJF1CS2.LBL
FDJF1CT2.LBL
FDJF1CU2.LBL
FDJF1CV2.LBL
FDJF1CW2.LBL
FDJF1CX2.LBL
FDJF1CZ2.LBL
FDJF1DA2.LBL
FDJF1DB2.LBL
FDJF1DC2.LBL
FDJF1DD2.LBL
FDJF1DE2.LBL
FDJF1DF2.LBL
FDJF1DG2.LBL
FDJF1DH2.LBL
FDJF1DI2.LBL
FDJF1DJ2.LBL
FDJF1DK2.LBL
FDJF1DL2.LBL
FDJF1DM2.LBL
FDJF1DN2.LBL
FDJF1DO2.LBL
FDJF1DP2.LBL
FDJF1DQ2.LBL
FDJF1DR2.LBL
FDJF1DS2.LBL
FDJF1DT2.LBL
FDJF1DU2.LBL
FDJF1DV2.LBL
FDJF1DW2.LBL
FDJF1DX2.LBL
FDJF1DY2.LBL
FDJF2DZ2.LBL
FDJF3EB2.LBL
FDJF3EC2.LBL
FDJF3ED2.LBL
FDJF3EE2.LBL
FDJF3EF2.LBL
FDJF3EG2.LBL
FDJF3EH2.LBL
FDJF3EI2.LBL
FDJF3EJ2.LBL
FDJF3EK2.LBL
FDJF3EL2.LBL
FDJF3EM2.LBL
FDJF3EN2.LBL
FDJF3EO2.LBL
FDJF3EP2.LBL
FDJF3EQ2.LBL
FDJF3ER2.LBL
FDJF3ES2.LBL
FDJF3ET2.LBL
FDJF3EU2.LBL
FDJF3EV2.LBL
FDJF3EW2.LBL
FDJF3EX2.LBL
FDNC1AA2.LBL
FDNC1AB2.LBL
FDNC1AC2.LBL
FDNC1AD2.LBL
FDNC1AE2.LBL
FDNC1AF2.LBL
FDNC1AG2.LBL
FDNC1AH2.LBL
FDNC1AJ2.LBL
FDRR1AA2.LBL
FDRR1AD2.LBL
FDRR1AE2.LBL
FDRR1AF2.LBL
FDRR1AG2.LBL
FDRR1AH2.LBL
FDRR1AI2.LBL
FDRR1AJ2.LBL
FDRR1AL2.LBL
FDRR1AM2.LBL
FDRR1AN2.LBL
FEJM2AA2.LBL
FEJM2AB2.LBL
FEJM2AC2.LBL
FEJM2AD2.LBL
FEJM2AE2.LBL
FEJM2AF1.LBL
FEJM2AG1.LBL
FEJM2AH2.LBL
FEJM2AI2.LBL
FEJM2AJ2.LBL
FEJM2AK2.LBL
FEJM2AL2.LBL
FEJM2AM2.LBL
FEJM2AN2.LBL
FEJM2AO2.LBL
FEJM2AP2.LBL
FEJM2AQ2.LBL
FEJM2AR2.LBL
FEJM2AS2.LBL
FEJM2AT1.LBL
FEJM2AU2.LBL
FEJM2AV2.LBL
FEJM2AW2.LBL
FEJM2AX2.LBL
FEJM2AY2.LBL
FEJM2AZ1.LBL
FEJM2BA2.LBL
FEJM2BB2.LBL
FEJM2BC2.LBL
FEJM2BD2.LBL
FEJM2BE1.LBL
FEJM2BF2.LBL
FEJM2BG2.LBL
FEJM2BH1.LBL
FEJM2BI2.LBL
FEJM2BJ2.LBL
FEJM2BK1.LBL
FEJM2BL2.LBL
FEJM2BM2.LBL
FEJM2BN2.LBL
FEJM2BO2.LBL
FEJM2BP2.LBL
FEJM2BQ2.LBL
FEJM2BR1.LBL
FEJM2BS2.LBL
FEJM2BT2.LBL
FEJM2BU1.LBL
FEJM2BV1.LBL
FEJM2BW1.LBL
FEJM2BX1.LBL
FEJM2BY1.LBL
FEJM2BZ1.LBL
FEJM2CA2.LBL
FEJM2CB2.LBL
FEJM2CC2.LBL
FEJM2CD2.LBL
FEJM2CE2.LBL
FEJM2CF1.LBL
FEJM2CG2.LBL
FEJM2CH2.LBL
FFPK1AS2.LBL
FFPK1AT2.LBL
FFPK1AU2.LBL
FFPK1AV2.LBL
FFPK1AW2.LBL
FFPK1AX2.LBL
FFPK1AY2.LBL
FFPK1AZ2.LBL
FFPK1BA2.LBL
FFPK1BB2.LBL
FFPK1BC2.LBL
FFPK1BD2.LBL
FFPK1BE2.LBL
FFPK1BF2.LBL
FFPK1BG2.LBL
FFPK1BH2.LBL
FFPK1BI2.LBL
FFPK1BK2.LBL
FFPK1BL2.LBL
FFPK1BM2.LBL
FFPK1BN2.LBL
FFPK1BO2.LBL
FFPK1BP2.LBL
FFPK1BQ2.LBL
FFPK1BR2.LBL
FFPK1BS2.LBL
FFPK1BT2.LBL
FFPK1BU2.LBL
FFPK1BV2.LBL
FFPK1BW2.LBL
FFPK1BX2.LBL
FFPK1BY2.LBL
FFPK1BZ2.LBL
FFPK1CA2.LBL
FFPK1CB2.LBL
FFPK1CC2.LBL
FFPK1CD2.LBL
FFPK1CE2.LBL
FFPK1CF2.LBL
FFPK1CG2.LBL
FFPK1CH2.LBL
FFPK1CI2.LBL
FFPK1CJ2.LBL
FFPK1CK2.LBL
FFPK1CL2.LBL
FFPK1CM2.LBL
FFPK1CN2.LBL
FFPK1CO2.LBL
FFPK1CP2.LBL
FFPK1CQ2.LBL
FFPK1CR2.LBL
FFPK1CS2.LBL
FFPK1CT2.LBL
FFPK1CU2.LBL
FJBG2AA2.LBL
FJBG2AB1.LBL
FJBG2AC2.LBL
FJBG2AD2.LBL
FJBG2AE1.LBL
FJBG2AF2.LBL
FJBG2AG1.LBL
FJBG2AH1.LBL
FJBG2AI2.LBL
FJBG2AJ1.LBL
FJBG2AK2.LBL
FJBG2AL1.LBL
FJBG2AM1.LBL
FJBG2AN1.LBL
FJBG2AO2.LBL
FJBG2AP1.LBL
FJBG2AQ2.LBL
FJBG2AR2.LBL
FJBG2AS2.LBL
FJBG2AT2.LBL
FJBG2AU2.LBL
FJBG2AV2.LBL
FJBG2AW2.LBL
FJBG2AX2.LBL
FJBG2AY2.LBL
FJBG2AZ2.LBL
FJBG2BA2.LBL
FJBG2BB2.LBL
FJBG2BC2.LBL
FJBG2BD2.LBL
FJBG2BE2.LBL
FJBG2BF2.LBL
FJBG2BG2.LBL
FJBG2BH2.LBL
FJBG2BI2.LBL
FJBG2BJ2.LBL
FJBG2BK2.LBL
FJBG2BL2.LBL
FJBG2BN2.LBL
FJBG2BO2.LBL
FJBG2BP2.LBL
FJBG2BQ2.LBL
FJBG2BR2.LBL
FJBG2BS2.LBL
FJBG2BT2.LBL
FJBG2BU2.LBL
FJBG2BV1.LBL
FJBG2BW2.LBL
FJBG2BX2.LBL
FJBG2BY2.LBL
FJBG2BZ2.LBL
FJBG2CA2.LBL
FJBG2CB2.LBL
FJBG2CC2.LBL
FJBG2CD2.LBL
FJBG2CE2.LBL
FJBG2CF2.LBL
FJBG2CG2.LBL
FJBG2CH2.LBL
FJBG2CI2.LBL
FJBG2CJ2.LBL
FJBG2CK2.LBL
FJBG2CL2.LBL
FJBG2CM2.LBL
FJBG2CN2.LBL
FJBG2CO1.LBL
FJBG2CP1.LBL
FJBG2CQ2.LBL
FJBG2CR2.LBL
FJBG2CS2.LBL
FJBG2CT2.LBL
FJBG2CU2.LBL
FJBG2CV2.LBL
FJBG2CW2.LBL
FJBG2CX2.LBL
FJBG2CY2.LBL
FJBG2CZ2.LBL
FJBG2DA1.LBL
FJBG2DB2.LBL
FJCS2AA2.LBL
FJCS2AB2.LBL
FJCS2AC2.LBL
FJCS2AD2.LBL
FJCS2AE2.LBL
FJCS2AF2.LBL
FJCS2AG2.LBL
FJCS2AH2.LBL
FJCS2AI2.LBL
FJCS2AJ2.LBL
FJCS2AK2.LBL
FJCS2AL2.LBL
FJCS2AM2.LBL
FJCS2AN2.LBL
FJCS2AO2.LBL
FJCS2AP2.LBL
FJCS2AQ2.LBL
FJCS2AR2.LBL
FJCS2AS2.LBL
FJCS2AT2.LBL
FJCS2AU2.LBL
FJCS2AV2.LBL
FJCS2AW2.LBL
FJCS2AX2.LBL
FJCS2AY2.LBL
FJCS2AZ2.LBL
FJCS2BA2.LBL
FJCS2BB2.LBL
FJCS2BD2.LBL
FJCS2BE2.LBL
FJCS2BF2.LBL
FJCS2BG2.LBL
FJCS2BH2.LBL
FJCS2BI2.LBL
FJCS2BJ2.LBL
FJCS2BK2.LBL
FJCS2BL2.LBL
FJCS2BM2.LBL
FJCS2BN2.LBL
FJCS2BO2.LBL
FJCS2BP2.LBL
FJCS2BQ2.LBL
FJCS2BR2.LBL
FJCS2BS2.LBL
FJCS2BT2.LBL
FJCS2BU2.LBL
FJCS2BV2.LBL
FJCS2BW2.LBL
FJCS2BX2.LBL
FJCS2BY2.LBL
FJCS2BZ2.LBL
FJCS2CA2.LBL
FJCS2CB2.LBL
FJDK1AD2.LBL
FJDK1AE2.LBL
FJDK1AF2.LBL
FJDK1AG2.LBL
FJDK1AI2.LBL
FJDK1AJ2.LBL
FJDK1AK2.LBL
FJDK1AL2.LBL
FJDK1AM2.LBL
FJDK1AN2.LBL
FJDK1AO2.LBL
FJDK1AQ2.LBL
FJDK1AR2.LBL
FJDK1AS2.LBL
FJDK1AU2.LBL
FJDK1AV2.LBL
FJDK1AW2.LBL
FJDK1AX2.LBL
FJDK1AY2.LBL
FJDK1AZ2.LBL
FJDK1BA2.LBL
FJDK1BB2.LBL
FJDK1BC2.LBL
FJDK1BD2.LBL
FJDK1BE2.LBL
FJDK1BG2.LBL
FJDK1BH2.LBL
FJDK1BI2.LBL
FJDK1BL2.LBL
FJDK1BN2.LBL
FJDK1BO2.LBL
FJTR1AA2.LBL
FJTR1AB2.LBL
FJTR1AC2.LBL
FJTR1AD2.LBL
FJTR1AE2.LBL
FJTR1AF2.LBL
FJTR1AG2.LBL
FJTR1AH2.LBL
FJTR1AI2.LBL
FJTR1AJ2.LBL
FJTR1AK2.LBL
FJTR1AL2.LBL
FJTR1AM2.LBL
FJTR1AN2.LBL
FJTR1AO2.LBL
FJTR1AP2.LBL
FJTR1AQ2.LBL
FJTR1AR2.LBL
FJTR1AS2.LBL
FJTR1AT2.LBL
FJTR1AU2.LBL
FJTR1AV2.LBL
FJTR1AW2.LBL
FJTR1AX2.LBL
FJTR1AY2.LBL
FJTR1AZ2.LBL
FJTR1BA2.LBL
FJTR1BB2.LBL
FJTR1BC2.LBL
FJTR1BD2.LBL
FJTR1BE2.LBL
FJTR1BF2.LBL
FJTR1BG2.LBL
FJTR1BH2.LBL
FJTR1BI2.LBL
FJTR1BJ2.LBL
FJTR1BK2.LBL
FJTR1BL2.LBL
FJTR1BM2.LBL
FJTR1BN2.LBL
FJTR1BO2.LBL
FJTR1BP2.LBL
FJTR1BQ2.LBL
FJTR1BR2.LBL
FJTR1BS2.LBL
FKEP2AB1.LBL
FKEP2AC1.LBL
FKEP2AD2.LBL
FKEP2AE2.LBL
FKEP2AF1.LBL
FKEP2AG1.LBL
FKEP2AH1.LBL
FKEP2AI2.LBL
FKEP2AJ1.LBL
FKEP2AK2.LBL
FKEP2AL2.LBL
FKEP2AM2.LBL
FKEP2AN2.LBL
FKEP2AO1.LBL
FKEP2AP2.LBL
FKEP2AQ1.LBL
FKEP2AR1.LBL
FKEP2AS1.LBL
FKEP2AT1.LBL
FKEP2AU1.LBL
FKEP2AV2.LBL
FKEP2AW2.LBL
FKEP2AX2.LBL
FKEP2AY2.LBL
FKEP2AZ2.LBL
FKEP2BA2.LBL
FKEP2BB2.LBL
FKEP2BC1.LBL
FKEP2BD1.LBL
FKEP2BE1.LBL
FKEP2BF2.LBL
FKEP2BG1.LBL
FKEP2BH1.LBL
FKEP2BI2.LBL
FKEP2BJ2.LBL
FKEP2BK2.LBL
FKEP2BL2.LBL
FKEP2BM1.LBL
FKEP2BN2.LBL
FKEP2BO1.LBL
FKEP2BP2.LBL
FKEP2BQ2.LBL
FKEP2BR1.LBL
FKEP2BS2.LBL
FKEP2BT1.LBL
FKEP2BU2.LBL
FKEP2BV1.LBL
FKEP2BW2.LBL
FKEP2BX1.LBL
FKEP2BY2.LBL
FKEP2BZ2.LBL
FKEP2CA2.LBL
FKEP2CB1.LBL
FKEP2CC1.LBL
FKEP2CD2.LBL
FKEP2CE1.LBL
FKEP2CF1.LBL
FKEP2CG1.LBL
FKEP2CH2.LBL
FKEP2CI2.LBL
FKEP2CJ1.LBL
FKEP2CK1.LBL
FKEP2CL1.LBL
FKEP2CM2.LBL
FKEP2CN2.LBL
FKEP2CO1.LBL
FKEP2CP2.LBL
FKEP2CQ1.LBL
FKEP2CR2.LBL
FKMM1AA2.LBL
FKMM1AL2.LBL
FKMM1AM2.LBL
FKMM1AN2.LBL
FKMM1AO2.LBL
FKMM1AU2.LBL
FKMM1AV2.LBL
FKMM1DU2.LBL
FKMM1DV2.LBL
FKMN1AA2.LBL
FKMN1AB2.LBL
FKMN1AC2.LBL
FKMN1AD1.LBL
FKMN1AE1.LBL
FKMN1AF2.LBL
FKMN1AG2.LBL
FKMN1AH1.LBL
FKMN1AI1.LBL
FKMN1AJ1.LBL
FKMN1AK2.LBL
FKMN1AL2.LBL
FKMN1AM2.LBL
FKMN1AN2.LBL
FKMN1AO2.LBL
FKMN1AP2.LBL
FKMN1AQ2.LBL
FKMN1AR2.LBL
FKMN1AS2.LBL
FKMN1AT1.LBL
FKMN1AU2.LBL
FKMN1AV2.LBL
FKMN1AW2.LBL
FKMN1AX2.LBL
FKMN1AY2.LBL
FKMN1AZ2.LBL
FKMN1BA2.LBL
FKMN1BB2.LBL
FKMN1BC2.LBL
FKMN1BD1.LBL
FKMN1BE2.LBL
FKMN1BF2.LBL
FKMN1BG2.LBL
FKMN1BH2.LBL
FKMN1BI2.LBL
FKMN1BJ2.LBL
FKMN1BK2.LBL
FKMN1BL1.LBL
FKMN1BM1.LBL
FKMN1BN2.LBL
FKMN1BO1.LBL
FKMN1BP1.LBL
FKMN1BQ2.LBL
FKMN1BR2.LBL
FKMN1BS2.LBL
FKMN1BT1.LBL
FKMN1BU2.LBL
FKMN1BV1.LBL
FKMN1BW2.LBL
FKMN1BX2.LBL
FKMN1BY2.LBL
FKMN1BZ2.LBL
FKMN1CA2.LBL
FKMN1CB2.LBL
FKMN1CC1.LBL
FKMN1CD2.LBL
FKMN1CE2.LBL
FKMN1CF2.LBL
FKMN1CG2.LBL
FKMN1CH2.LBL
FKMN1CI2.LBL
FKMN1CJ2.LBL
FKMN1CK2.LBL
FKMN1CL2.LBL
FKMN1CM2.LBL
FKMN1CN2.LBL
FKMN1CO2.LBL
FKMN1CP1.LBL
FKMN1CQ2.LBL
FKMN1CR2.LBL
FKMN1CS2.LBL
FKMN1CT1.LBL
FKMN1CU2.LBL
FKMN1CV2.LBL
FKMN1CW2.LBL
FKMN1CX2.LBL
FKMN1CY2.LBL
FKMN1CZ2.LBL
FKMN1DA2.LBL
FKMN1DB2.LBL
FKMN1DC2.LBL
FKMN1DD2.LBL
FKMN1DE2.LBL
FKMN1DF2.LBL
FKMN1DG2.LBL
FKMN1DH2.LBL
FKMN1DI1.LBL
FKMN1DJ2.LBL
FKMN1DK2.LBL
FKMN1DL2.LBL
FKMN1DM1.LBL
FKMN1DN2.LBL
FKRH2AA2.LBL
FKRH2AB2.LBL
FKRH2AC2.LBL
FKRH2AD1.LBL
FKRH2AE1.LBL
FKRH2AF2.LBL
FKRH2AG2.LBL
FKRH2AH2.LBL
FKRH2AI2.LBL
FKRH2AJ1.LBL
FKRH2AK2.LBL
FKRH2AL2.LBL
FKRH2AM2.LBL
FKRH2AN1.LBL
FKRH2AO2.LBL
FKRH2AP1.LBL
FKRH2AQ2.LBL
FKRH2AR1.LBL
FKRH2AS2.LBL
FKRH2AT2.LBL
FKRH2AU2.LBL
FKRH2AV2.LBL
FKRH2AW1.LBL
FKRH2AX2.LBL
FKRH2AY1.LBL
FKRH2AZ2.LBL
FKRH2BA1.LBL
FKRH2BB1.LBL
FKRH2BC2.LBL
FKRH2BD1.LBL
FKRH2BE2.LBL
FKRH2BF1.LBL
FKRH2BG2.LBL
FKRH2BH2.LBL
FKRH2BI2.LBL
FKRH2BJ2.LBL
FKRH2BK1.LBL
FKRH2BL1.LBL
FKRH2BM2.LBL
FKRH2BN1.LBL
FKRH2BO1.LBL
FKRH2BP2.LBL
FKRH2BQ2.LBL
FKRH2BR2.LBL
FKRH2BS2.LBL
FKRH2BT2.LBL
FKRH2BU2.LBL
FKRH2BV2.LBL
FKRH2BW2.LBL
FKRH2BX2.LBL
FKRH2BY2.LBL
FKRH2BZ2.LBL
FKRH2CA2.LBL
FKRH2CB2.LBL
FKRH2CC2.LBL
FKRH2CD2.LBL
FKRH2CE2.LBL
FKRH2CF2.LBL
FKRH2CG2.LBL
FKRH2CH2.LBL
FKRH2CI2.LBL
FKRH2CJ2.LBL
FKRH2CK2.LBL
FKRH2CL2.LBL
FKRH2CM2.LBL
FKRH2CN2.LBL
FKRH2CO2.LBL
FKRH2CP2.LBL
FKRH2CQ2.LBL
FKRH2CR2.LBL
FKRH2CS2.LBL
FKRH2CT2.LBL
FKRH2CU2.LBL
FKRH2CV2.LBL
FKRH2CW2.LBL
FKRH2CX2.LBL
FKRH2CY2.LBL
FKRH2CZ2.LBL
FKRH2DA2.LBL
FKRH2DB2.LBL
FKRH2DC2.LBL
FKRH2DD2.LBL
FKRH2DE2.LBL
FKRH2DF2.LBL
FKRH2DG2.LBL
FKRH2DH2.LBL
FKRH2DI2.LBL
FKRH2DJ2.LBL
FKRH2DK2.LBL
FKRH2DL2.LBL
FKRH2DM2.LBL
FKRH2DN2.LBL
FKRH2DO2.LBL
FKRH2DP2.LBL
FKRH2DQ2.LBL
FKRH2DR2.LBL
FKRH2DS2.LBL
FKRH2DT2.LBL
FKRH2DU2.LBL
FKRH2DV2.LBL
FKRH2DW2.LBL
FKRH2DX2.LBL
FKRH2DY2.LBL
FLAC3AA2.LBL
FLAC3AB1.LBL
FLAC3AC2.LBL
FLAC3AD2.LBL
FLAC3AE2.LBL
FLAC3AF1.LBL
FLAC3AG2.LBL
FLAC3AH2.LBL
FLAC3AI1.LBL
FLAC3AJ2.LBL
FLAC3AK2.LBL
FLAC3AL2.LBL
FLAC3AM1.LBL
FLAC3AN1.LBL
FLAC3AO1.LBL
FLAC3AP1.LBL
FLAC3AQ2.LBL
FLAC3AR2.LBL
FLAC3AS1.LBL
FLAC3AT1.LBL
FLAC3AU2.LBL
FLAC3AV1.LBL
FLAC3AW2.LBL
FLAC3AX2.LBL
FLAC3AY2.LBL
FLAC3AZ1.LBL
FLAC3BA2.LBL
FLAC3BB2.LBL
FLAC3BC1.LBL
FLAC3BD2.LBL
FLAC3BE2.LBL
FLAC3BF2.LBL
FLAC3BG2.LBL
FLAC3BH1.LBL
FLAC3BI2.LBL
FLAC3BJ2.LBL
FLAC3BK2.LBL
FLAC3BL2.LBL
FLAC3BM1.LBL
FLAC3BN2.LBL
FLAC3BO2.LBL
FLAC3BP1.LBL
FLAC3BQ1.LBL
FLAC3BR2.LBL
FLAC3BS2.LBL
FLAC3BT2.LBL
FLAC3BU2.LBL
FLAC3BV1.LBL
FLAC3BW2.LBL
FLAC3BX2.LBL
FLAC3BY1.LBL
FLAC3BZ2.LBL
FLAC3CA2.LBL
FLAC3CB2.LBL
FLAC3CC2.LBL
FLAC3CD2.LBL
FLAC3CE2.LBL
FLAC3CF1.LBL
FLAC3CG2.LBL
FLAC3CH2.LBL
FLAC3CI2.LBL
FLAC3CJ1.LBL
FLAC3CK2.LBL
FLAC3CL2.LBL
FLAC3CM2.LBL
FLAC3CN2.LBL
FLAC3CO2.LBL
FLAC3CP2.LBL
FLAC3CQ2.LBL
FLAC3CR2.LBL
FLAS1AA2.LBL
FLAS1AB2.LBL
FLAS1AC1.LBL
FLAS1AD1.LBL
FLAS1AE2.LBL
FLAS1AF2.LBL
FLAS1AG2.LBL
FLAS1AH2.LBL
FLAS1AI1.LBL
FLAS1AJ1.LBL
FLAS1AK2.LBL
FLAS1AL2.LBL
FLAS1AM2.LBL
FLAS1AN2.LBL
FLAS1AO2.LBL
FLAS1AP2.LBL
FLAS1AQ2.LBL
FLAS1AR1.LBL
FLAS1AS2.LBL
FLAS1AT2.LBL
FLAS1AU2.LBL
FLAS1AV2.LBL
FLAS1AW2.LBL
FLAS1AX2.LBL
FLAS1AY2.LBL
FLAS1AZ2.LBL
FLAS1BA2.LBL
FLAS1BB2.LBL
FLAS1BC2.LBL
FLAS1BD2.LBL
FLAS1BE2.LBL
FLAS1BF2.LBL
FLAS1BG1.LBL
FLAS1BH2.LBL
FLAS1BI2.LBL
FLAS1BJ2.LBL
FLAS1BK2.LBL
FLAS1BL2.LBL
FLAS1BM2.LBL
FLAS1BN2.LBL
FLAS1BO2.LBL
FLAS1BP1.LBL
FLAS1BQ2.LBL
FLAS1BR2.LBL
FLAS1BS2.LBL
FLAS1BT2.LBL
FLAS1BU2.LBL
FLAS1BV2.LBL
FLAS1BW2.LBL
FLAS1BX2.LBL
FLAS1BY1.LBL
FLAS1BZ2.LBL
FLAS1CA1.LBL
FLAS1CB2.LBL
FLAS1CC2.LBL
FLAS1CD1.LBL
FLAS1CE1.LBL
FLAS1CF2.LBL
FLAS1CG1.LBL
FLAS1CH2.LBL
FLAS1CI1.LBL
FLAS1CJ2.LBL
FLAS1CK2.LBL
FLAS1CL2.LBL
FLAS1CM2.LBL
FLAS1CN2.LBL
FLAS1CO2.LBL
FLAS1CP1.LBL
FLAS1CQ2.LBL
FLAS1CR2.LBL
FLAS1CS2.LBL
FLAS1CT2.LBL
FLAS1CU2.LBL
FLAS1CV2.LBL
FLAS1CW1.LBL
FLAS1CX2.LBL
FLAS1CY2.LBL
FLAS1CZ2.LBL
FLAS1DA2.LBL
FLAS1DB2.LBL
FLBB1AA2.LBL
FLBB1AB1.LBL
FLBB1AC1.LBL
FLBB1AD1.LBL
FLBB1AE1.LBL
FLBB1AF1.LBL
FLBB1AG2.LBL
FLBB1AH2.LBL
FLBB1AI1.LBL
FLBB1AJ1.LBL
FLBB1AK1.LBL
FLBB1AL2.LBL
FLBB1AM2.LBL
FLBB1AN2.LBL
FLBB1AO2.LBL
FLBB1AP1.LBL
FLBB1AQ2.LBL
FLBB1AR2.LBL
FLBB1AS1.LBL
FLBB1AT2.LBL
FLBB1AU2.LBL
FLBB1AV2.LBL
FLBB1AW2.LBL
FLBB1AX2.LBL
FLBB1AY2.LBL
FLBB1AZ1.LBL
FLBB1BA1.LBL
FLBB1BB2.LBL
FLBB1BC1.LBL
FLBB1BD1.LBL
FLBB1BE2.LBL
FLBB1BF2.LBL
FLBB1BG1.LBL
FLBB1BH2.LBL
FLBB1BI2.LBL
FLBB1BJ1.LBL
FLBB1BK2.LBL
FLBB1BL1.LBL
FLBB1BM2.LBL
FLBB1BN2.LBL
FLBB1BO2.LBL
FLBB1BP2.LBL
FLBB1BQ2.LBL
FLBB1BR2.LBL
FLBB1BS2.LBL
FLBB1BT1.LBL
FLBB1BU2.LBL
FLBB1BV1.LBL
FLBB1BW2.LBL
FLBB1BX2.LBL
FLBB1BY2.LBL
FLBB1BZ2.LBL
FLBB1CA2.LBL
FLBB1CB2.LBL
FLBB1CC1.LBL
FLBB1CD2.LBL
FLBB1CE1.LBL
FLBB1CF1.LBL
FLBB1CG2.LBL
FLBB1CH1.LBL
FLBB1CI2.LBL
FLBB1CJ2.LBL
FLBB1CK2.LBL
FLBB1CL2.LBL
FLBB1CM2.LBL
FLBB1CN2.LBL
FLBB1CO2.LBL
FLBB1CP1.LBL
FLBB1CQ2.LBL
FLBB1CR2.LBL
FLBB1CS2.LBL
FLBB1CU1.LBL
FLBB1CV2.LBL
FLBB1CW1.LBL
FLBB1CX2.LBL
FLBB1CY2.LBL
FLBB1CZ2.LBL
FLBB1DA2.LBL
FLBB1DC2.LBL
FLBB1DD2.LBL
FLBB1DE2.LBL
FLBB1DF2.LBL
FLBB1DG2.LBL
FLBB1DH2.LBL
FLBB1DI2.LBL
FLBB1DJ2.LBL
FLBB1DK2.LBL
FLBB1DL2.LBL
FLMW1AA2.LBL
FLMW1AB2.LBL
FLMW1AC2.LBL
FLMW1AD2.LBL
FLMW1AE2.LBL
FLMW1AF2.LBL
FLMW1AG2.LBL
FLMW1AH2.LBL
FLMW1AI2.LBL
FLMW1AJ2.LBL
FLMW1AK2.LBL
FLMW1AL2.LBL
FLMW1AM2.LBL
FLMW1AN2.LBL
FLMW1AO2.LBL
FLMW1AP2.LBL
FLMW1AQ2.LBL
FLMW1AR2.LBL
FLMW1AS2.LBL
FLMW1AT2.LBL
FLMW1AU2.LBL
FLMW1AV2.LBL
FLMW1AW2.LBL
FLMW1AX2.LBL
FLMW1AY2.LBL
FLMW1AZ2.LBL
FLMW1BA2.LBL
FLMW1BB2.LBL
FLMW1BC2.LBL
FLMW1BD2.LBL
FLMW1BE2.LBL
FLMW1BF2.LBL
FLMW1BG2.LBL
FLMW1BH2.LBL
FLMW1BI2.LBL
FLMW1BJ2.LBL
FLMW1BK2.LBL
FLMW1BL2.LBL
FLMW1BM2.LBL
FLMW1BN2.LBL
FLMW1BO2.LBL
FLSH1AA1.LBL
FLSH1AC2.LBL
FLSH1AD2.LBL
FLSH1AE2.LBL
FLSH1AF2.LBL
FLSH1AG2.LBL
FLSH1AH2.LBL
FLSH1AI1.LBL
FLSH1AJ2.LBL
FLSH1AK2.LBL
FLSH1AL2.LBL
FLSH1AM2.LBL
FLSH1AN2.LBL
FLSH1AO2.LBL
FLSH1AP1.LBL
FLSH1AQ2.LBL
FLSH1AR2.LBL
FLSH1AS2.LBL
FLSH1AT2.LBL
FLSH1AU2.LBL
FLSH1AV2.LBL
FLSH1AW2.LBL
FLSH1AX2.LBL
FLSH1AY2.LBL
FLSH1AZ2.LBL
FLSH1BA2.LBL
FLSH1BB2.LBL
FLSH1BC2.LBL
FLSH1BD2.LBL
FLSH1BE2.LBL
FLSH1BF2.LBL
FMAA2AA2.LBL
FMAA2AB1.LBL
FMAA2AC2.LBL
FMAA2AD2.LBL
FMAA2AE2.LBL
FMAA2AG1.LBL
FMAA2AH2.LBL
FMAA2AI2.LBL
FMAA2AJ1.LBL
FMAA2AK2.LBL
FMAA2AL2.LBL
FMAA2AM2.LBL
FMAA2AN2.LBL
FMAA2AO2.LBL
FMAA2AP1.LBL
FMAA2AQ1.LBL
FMAA2AR2.LBL
FMAA2AS2.LBL
FMAA2AT1.LBL
FMAA2AU2.LBL
FMAA2AV2.LBL
FMAA2AW1.LBL
FMAA2AX2.LBL
FMAA2AY2.LBL
FMAA2AZ2.LBL
FMAA2BA2.LBL
FMAA2BB2.LBL
FMAA2BC2.LBL
FMAA2BD1.LBL
FMAA2BE1.LBL
FMAA2BF2.LBL
FMAA2BG1.LBL
FMAA2BH2.LBL
FMAA2BI2.LBL
FMAA2BJ2.LBL
FMAA2BK1.LBL
FMAA2BL1.LBL
FMAA2BM2.LBL
FMAA2BN1.LBL
FMAA2BO2.LBL
FMAA2BP2.LBL
FMAA2BQ2.LBL
FMAA2BR2.LBL
FMAA2BS2.LBL
FMAA2BT2.LBL
FMAA2BU1.LBL
FMAA2BV2.LBL
FMAA2BW2.LBL
FMAA2BX1.LBL
FMBB1AA1.LBL
FMBB1AB2.LBL
FMBB1AC2.LBL
FMBB1AD2.LBL
FMBB1AE2.LBL
FMBB1AF2.LBL
FMBB1AG2.LBL
FMBB1AH1.LBL
FMBB1AI1.LBL
FMBB1AJ2.LBL
FMBB1AK2.LBL
FMBB1AL1.LBL
FMBB1AM2.LBL
FMBB1AN2.LBL
FMBB1AO2.LBL
FMBB1AP2.LBL
FMBB1AQ1.LBL
FMBB1AR1.LBL
FMBB1AS2.LBL
FMBB1AT2.LBL
FMBB1AU2.LBL
FMBB1AV2.LBL
FMBB1AW2.LBL
FMBB1AX2.LBL
FMBB1AY2.LBL
FMBB1AZ2.LBL
FMBB1BA2.LBL
FMBB1BB2.LBL
FMBB1BC2.LBL
FMBB1BD2.LBL
FMBB1BE2.LBL
FMBB1BF2.LBL
FMBB1BG2.LBL
FMBB1BH1.LBL
FMBB1BI2.LBL
FMBB1BJ2.LBL
FMBB1BK1.LBL
FMBB1BL1.LBL
FMBB1BM2.LBL
FMBB1BN2.LBL
FMBB1BO2.LBL
FMBB1BP2.LBL
FMBB1BQ1.LBL
FMBB1BR1.LBL
FMBB1BS2.LBL
FMBB1BT1.LBL
FMBB1BU2.LBL
FMBB1BV1.LBL
FMBB1BW2.LBL
FMBB1BX2.LBL
FMFH2AA2.LBL
FMFH2AB2.LBL
FMFH2AC2.LBL
FMFH2AD2.LBL
FMFH2AE1.LBL
FMFH2AF2.LBL
FMFH2AG2.LBL
FMFH2AH2.LBL
FMFH2AI2.LBL
FMFH2AJ2.LBL
FMFH2AK1.LBL
FMFH2AL2.LBL
FMFH2AM2.LBL
FMFH2AN2.LBL
FMFH2AO2.LBL
FMFH2AP2.LBL
FMFH2AQ2.LBL
FMFH2AR2.LBL
FMFH2AS2.LBL
FMFH2AT2.LBL
FMFH2AU2.LBL
FMFH2AV2.LBL
FMFH2AW2.LBL
FMFH2AX2.LBL
FMFH2AY2.LBL
FMFH2AZ2.LBL
FMFH2BA2.LBL
FMFH2BB2.LBL
FMFH2BC2.LBL
FMFH2BD2.LBL
FMFH2BE2.LBL
FMFH2BF2.LBL
FMFH2BG2.LBL
FMFH2BH2.LBL
FMFH2BI1.LBL
FMFH2BJ2.LBL
FMFH2BK2.LBL
FMFH2BL2.LBL
FMFH2BM2.LBL
FMFH2BN2.LBL
FMFH2BO2.LBL
FMFH2BP1.LBL
FMFH2BQ2.LBL
FMFH2BR2.LBL
FMFH2BS2.LBL
FMFH2BT2.LBL
FMFH2BU2.LBL
FMFH2BV1.LBL
FMFH2BW2.LBL
FMFH2BX2.LBL
FMFH2BY2.LBL
FMFH2BZ2.LBL
FMFH2CA2.LBL
FMFH2CB2.LBL
FMFH2CC2.LBL
FMFH2CD2.LBL
FMFH2CE2.LBL
FMFH2CF2.LBL
FMFH2CG2.LBL
FMFH2CH2.LBL
FMFH2CI2.LBL
FMFH2CJ2.LBL
FMFH2CK2.LBL
FMFH2CL2.LBL
FMFH2CM2.LBL
FMFH2CN2.LBL
FMFH2CO2.LBL
FMFH2CP2.LBL
FMFH2CQ2.LBL
FMFH2CR2.LBL
FMRA1AA2.LBL
FMRA1AB1.LBL
FMRA1AC2.LBL
FMRA1AD1.LBL
FMRA1AE2.LBL
FMRA1AF1.LBL
FMRA1AG2.LBL
FMRA1AH1.LBL
FMRA1AI1.LBL
FMRA1AJ1.LBL
FMRA1AK2.LBL
FMRA1AL1.LBL
FMRA1AM2.LBL
FMRA1AN2.LBL
FMRA1AO1.LBL
FMRA1AP1.LBL
FMRA1AQ2.LBL
FMRA1AR2.LBL
FMRA1AS1.LBL
FMRA1AT2.LBL
FMRA1AU2.LBL
FMRA1AV2.LBL
FMRA1AW1.LBL
FMRA1AX1.LBL
FMRA1AY2.LBL
FMRA1AZ2.LBL
FMRA1BA2.LBL
FMRA1BB1.LBL
FMRA1BC2.LBL
FMRA1BD2.LBL
FMRA1BE2.LBL
FMRA1BF2.LBL
FMRA1BG2.LBL
FMRA1BH2.LBL
FMRA1BI2.LBL
FMRA1BJ2.LBL
FMRA1BK2.LBL
FMRA1BL1.LBL
FMRA1BM2.LBL
FMRA1BN1.LBL
FMRA1BO1.LBL
FMRA1BP2.LBL
FMRA1BQ2.LBL
FMRA1BR1.LBL
FMRA1BS2.LBL
FMRA1BT1.LBL
FMRA1BU2.LBL
FMRA1BV2.LBL
FMRA1BW2.LBL
FMRA1BX2.LBL
FMRA1BY2.LBL
FMRA1BZ1.LBL
FMRA1CA2.LBL
FMRA1CB1.LBL
FMRA1CC1.LBL
FMRA1CD1.LBL
FMRA1CE2.LBL
FMRA1CF2.LBL
FMRA1CG2.LBL
FMRA1CH2.LBL
FMRA1CI1.LBL
FMRA1CJ1.LBL
FMRA1CK2.LBL
FMRA1CL2.LBL
FMRA1CM2.LBL
FMRA1CN2.LBL
FMRA1CO2.LBL
FMRA1CP2.LBL
FMRA1CQ2.LBL
FMRA1CR2.LBL
FMRA1CS2.LBL
FMRA1CT1.LBL
FMRA1CU2.LBL
FMRA1CV2.LBL
FMRA1CW1.LBL
FMRA1CX2.LBL
FMRA1CY1.LBL
FMRA1CZ1.LBL
FMRA1DA1.LBL
FMRA1DB2.LBL
FMRA1DC2.LBL
FMRA1DD2.LBL
FMRA1DE2.LBL
FMRA1DF2.LBL
FMRA1DG2.LBL
FMRA1DH2.LBL
FMRA1DI1.LBL
FMRA1DJ2.LBL
FMRA1DK2.LBL
FMRA1DL2.LBL
FMRA1DM2.LBL
FMRA1DN2.LBL
FMRA1DO2.LBL
FMRA1DP2.LBL
FMRA1DQ2.LBL
FMRA1DR1.LBL
FMRA1DS2.LBL
FMRA1DT2.LBL
FMTG1AA2.LBL
FMTG1AB2.LBL
FMTG1AC2.LBL
FMTG1AD2.LBL
FMTG1AE2.LBL
FMTG1AF2.LBL
FMTG1AG2.LBL
FMTG1AH2.LBL
FMTG1AI2.LBL
FMTG1AJ2.LBL
FMTG1AK2.LBL
FMTG1AL2.LBL
FMTG1AM2.LBL
FMTG1AN2.LBL
FMTG1AO2.LBL
FMTG1AP1.LBL
FMTG1AQ2.LBL
FMTG1AR2.LBL
FMTG1AS2.LBL
FMTG1AT2.LBL
FMTG1AU2.LBL
FMTG1AV2.LBL
FMTG1AW1.LBL
FMTG1AX2.LBL
FMTG1AY2.LBL
FMTG1AZ2.LBL
FMTG1BA2.LBL
FMTG1BB2.LBL
FMTG1BC2.LBL
FMTG1BD2.LBL
FMTG1BE2.LBL
FMTG1BF2.LBL
FMTG1BG2.LBL
FMTG1BH2.LBL
FMTG1BI2.LBL
FMTG1BJ1.LBL
FMTG1BK2.LBL
FMTG1BL2.LBL
FMTG1BM2.LBL
FMTG1BN2.LBL
FMTG1BO2.LBL
FMTG1BP1.LBL
FNJS1AA1.LBL
FNJS1AB2.LBL
FNJS1AC2.LBL
FNJS1AD1.LBL
FNJS1AF1.LBL
FNJS1AG2.LBL
FNJS1AH1.LBL
FNJS1AI1.LBL
FNJS1AJ1.LBL
FNJS1AK1.LBL
FNJS1AL1.LBL
FNJS1AM2.LBL
FNJS1AN2.LBL
FNJS1AO2.LBL
FNJS1AP2.LBL
FNJS1AQ2.LBL
FNJS1AR2.LBL
FNJS1AS2.LBL
FNJS1AV2.LBL
FNJS1AW1.LBL
FNJS1AX1.LBL
FNJS1AY2.LBL
FNJS1AZ1.LBL
FNJS1BA2.LBL
FNJS1BB1.LBL
FNJS1BC1.LBL
FNJS1BD1.LBL
FNJS1BE1.LBL
FNJS1BF2.LBL
FNJS1BG2.LBL
FNJS1BH2.LBL
FNJS1BI1.LBL
FNJS1BJ1.LBL
FNJS1BK1.LBL
FNJS1BL1.LBL
FNJS1BM2.LBL
FNJS1BN1.LBL
FNJS1BO1.LBL
FNJS1BQ2.LBL
FNJS1BR2.LBL
FNJS1BS2.LBL
FNJS1BU2.LBL
FNJS1BV1.LBL
FNJS1BX1.LBL
FNJS1BY2.LBL
FNJS1BZ1.LBL
FNJS1CA2.LBL
FNJS1CB1.LBL
FNJS1CC1.LBL
FNJS1CD2.LBL
FNJS1CF1.LBL
FNJS1CG2.LBL
FNJS1CH1.LBL
FNJS1CI1.LBL
FNJS1CJ2.LBL
FNJS1CK1.LBL
FNJS1CL2.LBL
FNJS1CM2.LBL
FNJS1CN2.LBL
FNJS1CQ2.LBL
FNJS1CR2.LBL
FNJS1CS2.LBL
FNJS1CU2.LBL
FNJS1CV2.LBL
FNJS1CX2.LBL
FNJS1CZ2.LBL
FNJS1DA2.LBL
FNJS1DC2.LBL
FNJS1DG2.LBL
FNJS1DJ2.LBL
FNJS1DK2.LBL
FNJS1DS2.LBL
FNJS1DT2.LBL
FNJS1DU2.LBL
FNJS1DW2.LBL
FNJS1DZ2.LBL
FNJS1EA2.LBL
FNJS2AB2.LBL
FNJS2AL2.LBL
FNJS2AM2.LBL
FNJS2AN2.LBL
FNJS2AO2.LBL
FNJS2AQ2.LBL
FNJS2AU2.LBL
FNJS2BB2.LBL
FNJS2BC2.LBL
FNXS1AA2.LBL
FNXS1AB2.LBL
FNXS1AC2.LBL
FNXS1AD2.LBL
FNXS1AE2.LBL
FNXS1AF2.LBL
FNXS1AG2.LBL
FNXS1AH2.LBL
FNXS1AI2.LBL
FNXS1AJ2.LBL
FNXS1AK2.LBL
FNXS1AL2.LBL
FNXS1AM2.LBL
FNXS1AN2.LBL
FNXS1AO2.LBL
FNXS1AP2.LBL
FNXS1AQ2.LBL
FNXS1AR2.LBL
